files/74.csv
id,week,center_id,meal_id,checkout_price,base_price,emailer_for_promotion,homepage_featured,num_orders
1403153,1,74,2290,311.43,310.43,0,0,215
1195257,2,74,2290,309.43,310.43,0,0,702
1034134,3,74,2290,310.43,310.43,0,0,352
1446838,4,74,2290,309.43,310.43,0,0,364
1129602,5,74,2290,164.9,309.43,1,0,2349
1360567,6,74,2290,167.87,311.43,0,1,1796
1424969,7,74,2290,171.69,309.43,1,1,2295
1202625,8,74,2290,166.84,309.43,0,1,1014
1024250,9,74,2290,198.85,309.43,0,1,1081
1283275,10,74,2290,147.5,309.43,0,1,620
1099589,11,74,2290,284.27,310.43,0,1,593
1150026,12,74,2290,291,310.43,0,1,501
1209377,13,74,2290,306.52,309.43,0,1,527
1252577,14,74,2290,306.55,310.43,0,1,540
1429204,15,74,2290,290.09,310.43,0,1,445
1463445,16,74,2290,292,309.43,0,1,433
1411373,17,74,2290,198.91,309.43,1,1,1176
1070626,18,74,2290,262.9,310.43,0,1,419
1262827,19,74,2290,311.43,309.43,0,0,161
1449807,20,74,2290,310.43,310.43,0,0,310
1415109,21,74,2290,310.43,311.43,0,0,243
1431636,22,74,2290,311.43,310.43,0,0,312
1160325,23,74,2290,309.43,309.43,0,0,311
1218840,24,74,2290,309.43,310.43,0,0,365
1343980,25,74,2290,294.94,293.94,0,0,256
1071267,26,74,2290,274.57,274.57,0,0,338
1455673,27,74,2290,309.43,311.43,0,0,122
1115051,28,74,2290,285.18,285.18,0,0,176
1434764,29,74,2290,311.43,310.43,0,0,109
1290962,30,74,2290,311.43,311.43,0,0,202
1257648,31,74,2290,284.21,284.21,0,0,338
1172164,32,74,2290,298.76,300.76,0,0,391
1024808,33,74,2290,310.43,309.43,0,0,512
1170145,34,74,2290,290.06,289.06,0,0,419
1428541,35,74,2290,294.94,292.94,0,0,256
1083809,36,74,2290,310.43,311.43,0,0,312
1334260,37,74,2290,309.43,309.43,0,0,406
1001599,38,74,2290,177.57,310.43,1,1,1905
1088658,39,74,2290,311.43,309.43,0,0,310
1173742,40,74,2290,311.43,310.43,0,0,270
1012629,41,74,2290,311.43,309.43,0,0,285
1002310,42,74,2290,311.43,310.43,0,0,378
1338832,43,74,2290,309.43,310.43,0,0,312
1047901,44,74,2290,277.48,310.43,0,0,244
1096185,45,74,2290,241.56,310.43,1,0,1391
1219432,46,74,2290,270.66,311.43,0,0,391
1004396,47,74,2290,271.63,311.43,0,0,377
1141548,48,74,2290,259.99,309.43,0,0,323
1296793,49,74,2290,271.63,309.43,0,0,215
1221591,50,74,2290,272.63,310.43,0,0,215
1297925,51,74,2290,271.63,270.63,0,0,215
1271295,52,74,2290,270.63,271.63,0,0,243
1428271,53,74,2290,271.63,270.63,0,0,297
1418140,54,74,2290,270.66,271.66,0,0,661
1043416,55,74,2290,272.63,271.63,0,0,514
1038975,56,74,2290,272.63,270.63,0,0,567
1301252,57,74,2290,254.14,254.14,0,0,675
1003898,58,74,2290,258.02,259.02,0,0,553
1256089,59,74,2290,271.63,271.63,0,0,500
1395287,60,74,2290,258.08,258.08,0,0,501
1148842,61,74,2290,271.63,272.63,0,0,337
1405594,62,74,2290,272.63,270.63,0,0,229
1156629,63,74,2290,272.63,270.63,0,0,405
1239686,64,74,2290,272.63,270.63,0,0,298
1035668,65,74,2290,264.87,264.87,0,0,445
1419121,66,74,2290,263.87,264.87,0,0,473
1415217,67,74,2290,264.84,265.84,0,0,554
1317385,68,74,2290,272.63,270.63,0,0,445
1105461,69,74,2290,271.63,270.63,0,0,378
1106681,70,74,2290,272.63,271.63,0,0,418
1112440,71,74,2290,270.63,272.63,0,0,404
1414157,72,74,2290,252.26,252.26,0,0,175
1492085,73,74,2290,271.63,272.63,0,0,323
1061966,74,74,2290,272.63,271.63,0,0,217
1072564,75,74,2290,270.63,271.63,0,0,231
1024107,76,74,2290,271.63,272.63,0,0,204
1040677,77,74,2290,271.63,270.63,0,0,217
1410972,78,74,2290,270.63,272.63,0,0,460
1337478,79,74,2290,271.63,270.63,0,0,350
1048648,80,74,2290,257.05,258.05,0,0,270
1225368,81,74,2290,270.63,272.63,0,0,285
1360800,82,74,2290,272.63,270.63,0,0,121
1411508,83,74,2290,267.75,268.75,0,0,176
1241921,84,74,2290,257.08,258.08,0,0,364
1471762,85,74,2290,266.78,267.78,0,0,474
1493796,86,74,2290,267.78,265.78,0,0,377
1489824,87,74,2290,266.78,266.78,0,0,352
1399987,88,74,2290,267.78,266.78,0,0,296
1151945,89,74,2290,265.78,266.78,0,0,312
1005078,90,74,2290,195,265.78,1,1,1242
1178171,91,74,2290,253.17,254.17,0,0,473
1395466,92,74,2290,262.93,260.93,0,0,337
1088167,93,74,2290,260.93,262.93,0,0,366
1494080,94,74,2290,246.44,246.44,0,0,365
1054362,95,74,2290,244.47,245.44,1,0,298
1295607,96,74,2290,267.78,265.78,0,0,230
1242944,97,74,2290,257.08,257.08,0,0,230
1433410,98,74,2290,256.11,255.11,0,0,323
1031265,99,74,2290,253.17,255.17,0,0,188
1010776,100,74,2290,223.1,253.17,1,1,1187
1058163,101,74,2290,223.1,254.17,1,1,609
1302058,102,74,2290,183.33,253.17,0,1,742
1411289,103,74,2290,182.36,255.17,0,1,419
1372406,104,74,2290,246.38,247.38,0,0,229
1388282,105,74,2290,246.38,248.38,0,0,231
1394450,106,74,2290,241.59,239.59,0,0,487
1315461,107,74,2290,248.38,248.38,0,0,325
1265257,108,74,2290,247.38,248.38,0,0,446
1421812,109,74,2290,248.38,248.38,0,0,473
1239263,110,74,2290,229.95,229.95,0,0,364
1464428,111,74,2290,239.65,239.65,0,0,391
1314943,112,74,2290,253.23,252.23,0,0,364
1425948,113,74,2290,255.11,255.11,0,0,123
1337823,114,74,2290,255.11,257.11,0,0,136
1164335,115,74,2290,257.11,255.11,0,0,242
1430019,116,74,2290,255.11,257.11,0,0,217
1297910,117,74,2290,255.11,257.11,0,0,271
1320104,118,74,2290,255.11,256.11,0,0,379
1370223,119,74,2290,256.14,257.11,1,1,838
1353275,120,74,2290,255.11,255.11,1,1,906
1490444,121,74,2290,257.11,256.11,0,1,459
1058505,122,74,2290,257.11,257.11,0,0,323
1365517,123,74,2290,257.11,256.11,0,0,296
1378271,124,74,2290,257.11,257.11,0,0,365
1224429,125,74,2290,219.25,255.11,0,0,284
1311401,126,74,2290,257.11,256.11,0,0,271
1132801,127,74,2290,255.11,256.11,0,0,352
1413020,128,74,2290,243.5,243.5,0,0,285
1380524,129,74,2290,255.11,256.11,0,0,176
1282799,130,74,2290,257.11,256.11,0,0,215
1237049,131,74,2290,256.11,257.11,0,0,204
1298575,132,74,2290,259.99,259.99,0,0,271
1151616,133,74,2290,260.96,260.96,0,0,244
1072020,134,74,2290,260.96,260.96,1,1,1148
1393649,135,74,2290,254.2,259.96,0,1,433
1346131,136,74,2290,250.32,259.96,0,1,310
1321957,137,74,2290,260.96,259.96,0,0,339
1005723,138,74,2290,260.96,260.96,0,0,391
1425520,139,74,2290,260.96,259.96,0,0,323
1368067,140,74,2290,261.96,260.96,0,0,243
1328410,141,74,2290,248.35,249.35,0,0,271
1032273,142,74,2290,259.96,261.96,0,0,379
1478963,143,74,2290,261.96,261.96,0,0,459
1066638,144,74,2290,261.96,260.96,0,0,350
1460859,145,74,2290,260.96,260.96,0,0,96
1256402,1,74,1727,404.55,402.55,0,1,69
1119084,2,74,1727,404.55,403.55,0,1,242
1309350,3,74,1727,402.55,402.55,0,0,134
1115726,4,74,1727,404.55,402.55,0,0,298
1354574,5,74,1727,250.26,403.55,1,0,474
1426325,6,74,1727,245.41,402.55,1,0,501
1301033,7,74,1727,402.55,402.55,0,0,123
1289788,8,74,1727,403.55,403.55,0,0,217
1106087,9,74,1727,403.55,403.55,0,0,136
1032119,10,74,1727,404.55,402.55,0,0,109
1341730,11,74,1727,404.55,403.55,0,0,231
1148953,12,74,1727,403.55,404.55,0,0,189
1270204,13,74,1727,404.55,402.55,0,0,215
1420530,14,74,1727,402.55,403.55,0,0,242
1045131,15,74,1727,404.55,402.55,0,0,216
1431681,16,74,1727,402.55,404.55,0,0,283
1278105,17,74,1727,403.55,404.55,0,0,216
1408187,18,74,1727,402.55,404.55,0,0,161
1498953,19,74,1727,402.55,404.55,0,0,94
1445594,20,74,1727,375.39,377.39,0,0,202
1318907,21,74,1727,402.55,402.55,0,0,202
1283379,22,74,1727,402.55,404.55,0,0,148
1390506,23,74,1727,403.55,404.55,0,0,149
1233975,24,74,1727,403.55,404.55,0,0,81
1232987,25,74,1727,253.23,402.55,1,1,690
1369738,26,74,1727,268.75,403.55,1,0,258
1182846,27,74,1727,402.55,403.55,0,0,162
1321802,28,74,1727,402.55,402.55,0,0,136
1122597,29,74,1727,404.55,404.55,0,0,68
1478462,30,74,1727,402.55,403.55,0,0,134
1434336,31,74,1727,402.55,403.55,0,0,175
1221675,32,74,1727,403.55,404.55,0,0,107
1147156,33,74,1727,402.55,404.55,0,0,204
1462083,34,74,1727,403.55,404.55,0,0,271
1304435,35,74,1727,404.55,402.55,0,0,121
1063506,36,74,1727,403.55,404.55,0,0,176
1022321,37,74,1727,404.55,403.55,0,0,67
1376459,38,74,1727,404.55,403.55,0,0,135
1453982,39,74,1727,404.55,403.55,0,0,216
1394031,40,74,1727,403.55,402.55,0,0,162
1299831,41,74,1727,404.55,402.55,0,0,162
1123461,42,74,1727,403.55,402.55,0,0,136
1305417,43,74,1727,402.55,402.55,0,0,242
1245309,44,74,1727,404.55,403.55,0,0,95
1215676,45,74,1727,402.55,402.55,0,0,81
1344249,46,74,1727,404.55,402.55,0,0,123
1483707,47,74,1727,402.55,402.55,0,0,150
1218379,48,74,1727,402.55,402.55,0,0,161
1024841,49,74,1727,404.55,402.55,0,0,27
1175279,50,74,1727,402.55,403.55,0,0,27
1140794,51,74,1727,403.55,402.55,0,0,15
1100131,52,74,1727,402.55,403.55,0,0,69
1329307,53,74,1727,404.55,404.55,0,0,121
1323722,54,74,1727,404.55,404.55,0,0,134
1382278,55,74,1727,403.55,403.55,0,0,95
1351392,56,74,1727,403.55,404.55,0,0,256
1472855,57,74,1727,404.55,404.55,0,0,121
1452114,58,74,1727,262.93,403.55,1,1,647
1425054,59,74,1727,266.81,404.55,1,1,486
1216107,60,74,1727,403.55,404.55,0,0,136
1464962,61,74,1727,404.55,402.55,0,0,96
1197385,62,74,1727,402.55,404.55,0,0,41
1221320,63,74,1727,403.55,404.55,0,0,107
1012021,64,74,1727,403.55,404.55,0,0,123
1049239,65,74,1727,404.55,404.55,0,0,244
1480822,66,74,1727,402.55,403.55,0,0,148
1095629,67,74,1727,404.55,402.55,0,0,121
1449386,68,74,1727,402.55,404.55,0,0,148
1033402,69,74,1727,402.55,402.55,0,0,121
1369888,70,74,1727,402.55,403.55,0,0,95
1338377,71,74,1727,403.55,403.55,0,0,81
1053244,72,74,1727,404.55,402.55,0,0,68
1467087,73,74,1727,403.55,404.55,0,0,53
1464354,74,74,1727,403.55,402.55,0,0,148
1108448,75,74,1727,404.55,403.55,0,0,82
1106601,76,74,1727,404.55,402.55,0,0,150
1429431,77,74,1727,241.53,402.55,1,1,675
1422557,78,74,1727,255.17,404.55,1,1,378
1061410,79,74,1727,404.55,403.55,0,0,123
1224129,80,74,1727,404.55,403.55,0,0,53
1038087,81,74,1727,403.55,403.55,0,0,109
1028305,82,74,1727,218.28,402.55,1,1,809
1237144,83,74,1727,342.47,404.55,0,0,176
1095180,84,74,1727,403.55,403.55,0,0,82
1438898,85,74,1727,403.55,404.55,0,0,135
1175094,86,74,1727,403.55,404.55,0,0,204
1089072,87,74,1727,403.55,404.55,0,0,203
1265271,88,74,1727,404.55,404.55,0,0,148
1482389,89,74,1727,403.55,404.55,0,0,80
1102701,90,74,1727,403.55,404.55,0,0,95
1158287,91,74,1727,403.55,403.55,0,0,162
1190204,92,74,1727,404.55,404.55,0,0,162
1057416,93,74,1727,404.55,403.55,0,0,42
1127879,94,74,1727,403.55,403.55,0,0,122
1432867,95,74,1727,404.55,402.55,0,0,134
1111892,96,74,1727,404.55,404.55,0,0,68
1429770,97,74,1727,402.55,403.55,0,0,14
1365595,98,74,1727,404.55,404.55,0,0,107
1046517,99,74,1727,403.55,402.55,0,0,95
1217207,100,74,1727,404.55,402.55,0,0,135
1077469,101,74,1727,402.55,402.55,0,0,121
1173503,102,74,1727,402.55,403.55,0,0,122
1130221,103,74,1727,403.55,403.55,0,0,67
1106469,104,74,1727,404.55,403.55,0,0,109
1007230,105,74,1727,403.55,402.55,0,0,123
1121945,106,74,1727,404.55,403.55,0,0,94
1371431,107,74,1727,402.55,402.55,0,0,69
1025546,108,74,1727,404.55,404.55,0,0,135
1365850,109,74,1727,404.55,403.55,0,0,53
1038147,110,74,1727,403.55,403.55,0,0,134
1099486,111,74,1727,243.53,404.55,1,1,595
1320542,112,74,1727,241.53,403.55,1,1,541
1459167,113,74,1727,421.95,422.95,0,0,67
1370598,114,74,1727,422.95,423.95,0,0,123
1059775,115,74,1727,421.95,421.95,0,0,81
1485949,116,74,1727,421.95,421.95,0,0,148
1331549,117,74,1727,421.95,423.95,0,0,122
1446235,118,74,1727,421.95,421.95,0,0,216
1177652,119,74,1727,423.95,423.95,0,0,69
1381065,120,74,1727,421.95,421.95,0,0,81
1098573,121,74,1727,422.95,423.95,0,0,176
1392819,122,74,1727,421.95,422.95,0,0,109
1350917,123,74,1727,422.95,423.95,0,0,68
1227453,124,74,1727,422.95,421.95,0,0,149
1152939,125,74,1727,423.95,421.95,0,0,136
1471227,126,74,1727,422.95,422.95,0,0,82
1392352,127,74,1727,421.95,421.95,0,0,150
1080837,128,74,1727,421.95,423.95,0,0,135
1144199,129,74,1727,421.95,423.95,0,0,69
1112069,130,74,1727,423.95,423.95,0,0,136
1361199,131,74,1727,421.95,421.95,0,0,54
1339725,132,74,1727,422.95,422.95,0,0,67
1451895,133,74,1727,422.95,422.95,0,0,82
1188389,134,74,1727,423.95,421.95,0,0,203
1070757,135,74,1727,320.13,423.95,1,1,123
1390468,136,74,1727,328.89,422.95,1,1,190
1238497,137,74,1727,319.13,422.95,0,1,351
1139714,138,74,1727,335.68,422.95,0,1,95
1297354,139,74,1727,256.14,421.95,0,1,107
1210186,140,74,1727,195,423.95,0,1,190
1324255,141,74,1727,422.95,421.95,0,0,54
1081690,142,74,1727,423.95,422.95,0,0,121
1099842,143,74,1727,423.95,423.95,0,0,107
1436574,144,74,1727,423.95,421.95,0,0,122
1340264,145,74,1727,423.95,422.95,0,0,67
1127367,1,74,1109,304.58,304.58,0,0,298
1437125,2,74,1109,264.81,306.58,1,0,271
1258459,3,74,1109,320.13,321.13,0,0,270
1173580,4,74,1109,321.13,321.13,0,0,163
1400585,5,74,1109,258.99,320.13,0,0,204
1203429,6,74,1109,248.32,321.13,0,0,244
1493611,7,74,1109,305.61,305.61,0,0,271
1390099,8,74,1109,262.93,305.61,0,0,148
1186476,9,74,1109,269.66,303.61,0,0,175
1452178,10,74,1109,291.03,290.03,0,0,150
1239363,11,74,1109,320.13,319.13,0,0,297
1428622,12,74,1109,279.36,320.13,0,0,107
1334599,13,74,1109,267.78,320.13,0,0,244
1497751,14,74,1109,228.95,320.13,0,0,188
1135899,15,74,1109,299.76,298.76,0,0,217
1415009,16,74,1109,319.13,320.13,0,0,161
1357598,17,74,1109,320.13,320.13,0,0,230
1222640,18,74,1109,214.43,320.13,0,0,243
1484491,19,74,1109,196.94,321.13,1,0,256
1372703,20,74,1109,287.12,320.13,0,0,135
1321726,21,74,1109,293.94,293.94,0,0,161
1233480,22,74,1109,295.88,294.88,0,0,175
1194352,23,74,1109,319.13,321.13,0,0,109
1064576,24,74,1109,299.79,299.79,0,0,203
1110665,25,74,1109,279.36,281.36,0,0,107
1313296,26,74,1109,321.13,321.13,0,0,134
1050761,27,74,1109,294.88,295.88,0,0,177
1283820,28,74,1109,267.78,266.78,0,0,161
1463147,29,74,1109,320.13,321.13,0,0,136
1422772,30,74,1109,252.26,321.13,1,0,284
1468613,31,74,1109,294.88,295.88,0,0,175
1108103,32,74,1109,204.73,294.88,0,0,298
1453775,33,74,1109,247.38,296.88,0,0,298
1216736,34,74,1109,279.36,281.36,0,0,270
1172589,35,74,1109,228.95,280.36,0,0,162
1169327,36,74,1109,291.97,291.97,0,0,242
1398933,37,74,1109,311.43,310.43,0,0,270
1365002,38,74,1109,322.07,322.07,0,0,163
1176017,39,74,1109,310.43,309.43,0,0,324
1212992,40,74,1109,283.3,283.3,0,0,296
1309470,41,74,1109,246.38,282.3,1,1,446
1439916,42,74,1109,310.43,311.43,0,0,257
1086045,43,74,1109,311.43,309.43,0,0,270
1098406,44,74,1109,297.79,299.79,0,0,365
1344654,45,74,1109,223.16,299.79,0,0,284
1272926,46,74,1109,239.62,298.79,1,0,379
1344054,47,74,1109,231.83,298.79,1,0,229
1316040,48,74,1109,233.8,298.79,0,0,351
1359734,49,74,1109,227.04,298.79,0,0,189
1492816,50,74,1109,311.43,311.43,0,0,176
1039068,51,74,1109,310.43,310.43,0,0,122
1339930,52,74,1109,283.24,285.24,0,0,161
1365721,53,74,1109,311.43,310.43,0,0,163
1254960,54,74,1109,310.43,310.43,0,0,204
1213420,55,74,1109,244.5,311.43,1,0,350
1379688,56,74,1109,309.43,309.43,0,0,215
1379507,57,74,1109,241.56,310.43,0,0,244
1039630,58,74,1109,167.84,311.43,0,0,175
1239813,59,74,1109,257.11,311.43,0,0,229
1307867,60,74,1109,249.35,311.43,0,0,271
1047529,61,74,1109,281.33,282.33,0,0,283
1215929,62,74,1109,287.12,289.12,0,0,134
1383016,63,74,1109,309.43,311.43,0,0,176
1496860,64,74,1109,296.85,296.85,0,0,298
1205992,65,74,1109,253.17,295.85,0,0,150
1162878,66,74,1109,311.43,309.43,0,0,296
1321991,67,74,1109,276.45,311.43,0,0,258
1361835,68,74,1109,311.43,309.43,0,0,121
1127390,69,74,1109,311.43,309.43,0,0,176
1039375,70,74,1109,311.43,309.43,0,0,163
1032402,71,74,1109,267.72,309.43,0,0,204
1005879,72,74,1109,281.3,283.3,0,0,150
1489167,73,74,1109,309.43,309.43,0,0,135
1097483,74,74,1109,290.09,289.09,0,0,161
1498010,75,74,1109,319.13,320.13,0,0,82
1019071,76,74,1109,321.13,319.13,0,0,134
1386415,77,74,1109,320.13,319.13,0,0,13
1089831,78,74,1109,320.13,319.13,0,0,13
1094111,79,74,1109,287.12,320.13,0,0,135
1355438,80,74,1109,319.13,321.13,0,0,55
1163413,81,74,1109,320.13,320.13,0,0,81
1444352,82,74,1109,319.13,320.13,0,0,81
1256590,83,74,1109,275.54,321.13,0,0,188
1463596,84,74,1109,320.13,321.13,0,0,109
1283498,85,74,1109,298.76,298.76,0,0,217
1173401,86,74,1109,319.13,321.13,0,0,107
1227069,87,74,1109,274.54,320.13,0,0,94
1385439,88,74,1109,292.03,292.03,0,0,148
1228953,89,74,1109,288.12,288.12,0,0,136
1138336,90,74,1109,291.03,292.03,0,0,150
1352448,91,74,1109,319.13,321.13,0,0,94
1489536,92,74,1109,320.13,321.13,0,0,107
1360759,93,74,1109,319.13,321.13,0,0,54
1082979,94,74,1109,320.13,320.13,0,0,54
1068322,95,74,1109,239.62,319.13,1,1,1849
1429058,96,74,1109,268.72,319.13,0,0,82
1324694,97,74,1109,294.94,292.94,0,0,96
1211135,98,74,1109,228.98,292.94,1,0,661
1158655,99,74,1109,241.53,293.94,1,1,486
1276805,100,74,1109,266.78,266.78,0,0,163
1181185,101,74,1109,320.13,321.13,0,0,68
1074375,102,74,1109,321.13,320.13,0,0,13
1362204,103,74,1109,321.13,321.13,0,0,14
1123028,104,74,1109,192.09,320.13,0,0,67
1418733,105,74,1109,272.63,321.13,0,0,108
1474716,106,74,1109,247.41,321.13,1,1,582
1045594,107,74,1109,241.53,319.13,1,1,324
1446509,108,74,1109,320.13,319.13,0,1,162
1224261,109,74,1109,254.2,321.13,0,1,256
1072465,110,74,1109,239.59,320.13,0,0,53
1386548,111,74,1109,106.7,320.13,0,0,121
1350859,112,74,1109,67.96,319.13,0,0,69
1152277,113,74,1109,208.61,321.13,0,0,107
1242235,114,74,1109,329.8,329.8,0,0,135
1247155,115,74,1109,329.8,331.8,0,0,95
1080930,116,74,1109,247.35,330.8,0,0,54
1309535,117,74,1109,329.8,331.8,0,0,162
1328144,118,74,1109,300.73,301.73,0,0,149
1265315,119,74,1109,272.63,301.73,1,0,256
1403916,120,74,1109,269.69,300.73,1,0,283
1095132,121,74,1109,329.8,331.8,0,0,135
1069823,122,74,1109,247.35,330.8,0,0,175
1022543,123,74,1109,256.08,330.8,0,0,109
1404861,124,74,1109,331.8,329.8,0,0,54
1155735,125,74,1109,331.8,331.8,0,0,69
1429052,126,74,1109,214.43,330.8,0,0,188
1374724,127,74,1109,283.27,330.8,0,0,95
1060466,128,74,1109,264.84,331.8,0,0,134
1311638,129,74,1109,331.8,331.8,0,0,94
1363767,130,74,1109,220.22,329.8,1,1,716
1325005,131,74,1109,224.13,331.8,1,1,649
1239594,132,74,1109,257.08,330.8,0,0,122
1073834,133,74,1109,330.8,329.8,0,0,190
1343626,134,74,1109,331.8,331.8,0,0,325
1032418,135,74,1109,111.61,329.8,0,0,82
1336788,136,74,1109,330.8,330.8,0,0,108
1077278,137,74,1109,307.49,308.49,0,0,203
1323980,138,74,1109,327.92,325.92,0,0,230
1218676,139,74,1109,302.64,302.64,0,0,162
1094912,140,74,1109,289.12,288.12,0,0,190
1361745,141,74,1109,278.39,278.39,0,0,135
1447712,142,74,1109,309.43,311.43,0,0,67
1343619,143,74,1109,295.88,296.88,0,0,284
1239391,144,74,1109,285.18,286.18,0,0,177
1361039,145,74,1109,295.85,295.85,0,0,311
