files/74.csv
id,week,center_id,meal_id,checkout_price,base_price,emailer_for_promotion,homepage_featured,num_orders
1016923,1,74,1558,586.91,610.13,1,0,134
1407514,2,74,1558,581.03,611.13,1,0,203
1353800,3,74,1558,612.1,612.1,0,0,121
1248350,4,74,1558,615.04,614.04,0,0,53
1265753,5,74,1558,618.86,620.86,0,0,123
1072082,6,74,1558,619.83,620.83,0,0,54
1278998,7,74,1558,620.83,619.83,0,0,135
1102962,8,74,1558,615.98,614.98,0,0,55
1048185,9,74,1558,594.64,593.64,0,0,40
1289200,10,74,1558,587.85,588.85,0,0,96
1315783,11,74,1558,589.79,588.79,0,0,136
1365842,12,74,1558,540.29,590.79,1,0,190
1432082,13,74,1558,541.26,588.79,1,1,325
1221167,14,74,1558,640.23,639.23,0,0,82
1379744,15,74,1558,641.23,641.23,0,0,149
1018210,16,74,1558,641.23,640.23,0,0,161
1044126,17,74,1558,641.23,639.23,0,0,96
1020882,18,74,1558,639.23,640.23,0,0,150
1440078,19,74,1558,639.23,641.23,0,0,53
1163118,20,74,1558,486.03,639.23,1,0,81
1439450,21,74,1558,485.03,639.23,1,0,122
1483615,22,74,1558,641.23,640.23,0,0,54
1128707,23,74,1558,641.23,639.23,0,0,82
1165512,24,74,1558,641.23,639.23,0,0,107
1210416,25,74,1558,639.23,639.23,0,0,67
1251763,26,74,1558,496.67,640.23,1,0,176
1463552,27,74,1558,494.7,640.23,1,1,190
1226287,28,74,1558,641.23,639.23,0,1,108
1047605,29,74,1558,639.23,641.23,0,0,96
1024073,30,74,1558,640.23,641.23,0,0,53
1135262,31,74,1558,639.23,640.23,0,0,135
1422317,32,74,1558,639.23,640.23,0,0,42
1107264,33,74,1558,640.23,641.23,0,0,136
1164494,34,74,1558,641.23,639.23,0,0,53
1243667,35,74,1558,639.23,639.23,0,0,40
1065413,36,74,1558,641.23,639.23,0,0,96
1062540,37,74,1558,434.59,639.23,1,0,472
1227460,38,74,1558,441.38,641.23,1,1,392
1033987,39,74,1558,453.02,641.23,0,1,446
1294106,40,74,1558,433.59,639.23,0,1,270
1197184,41,74,1558,625.71,625.71,0,0,135
1232528,42,74,1558,641.23,641.23,0,0,108
1054671,43,74,1558,639.23,639.23,0,0,188
1348556,44,74,1558,639.23,640.23,0,0,134
1482061,45,74,1558,544.17,639.23,1,0,257
1432588,46,74,1558,533.53,641.23,1,0,107
1365524,47,74,1558,554.87,639.23,1,0,136
1474208,48,74,1558,641.23,640.23,0,0,95
1380147,49,74,1558,640.23,640.23,0,0,123
1431956,50,74,1558,640.23,641.23,0,0,82
1484256,51,74,1558,640.23,640.23,0,0,40
1311576,52,74,1558,641.23,639.23,0,0,82
1333206,53,74,1558,639.23,641.23,0,0,149
1485924,54,74,1558,639.23,640.23,0,0,161
1497823,55,74,1558,485.03,640.23,1,0,216
1162521,56,74,1558,639.23,639.23,0,0,41
1463439,57,74,1558,639.23,641.23,0,0,68
1124464,58,74,1558,641.23,641.23,0,0,80
1196638,59,74,1558,641.23,639.23,0,0,150
1108202,60,74,1558,640.23,641.23,0,0,68
1491867,61,74,1558,448.17,640.23,1,0,203
1177412,62,74,1558,457.9,641.23,0,1,242
1031159,63,74,1558,448.14,639.23,1,0,393
1403458,64,74,1558,448.2,639.23,1,1,446
1303082,65,74,1558,641.23,639.23,0,0,42
1040977,67,74,1558,640.23,639.23,0,0,14
1168886,68,74,1558,641.23,639.23,0,0,67
1220014,69,74,1558,640.23,640.23,0,0,80
1127455,70,74,1558,641.23,640.23,0,0,42
1331088,71,74,1558,639.23,641.23,0,0,121
1033662,72,74,1558,640.23,640.23,0,0,14
1399217,73,74,1558,639.23,641.23,0,0,55
1318601,74,74,1558,641.23,641.23,0,0,42
1494452,75,74,1558,509.28,639.23,1,0,256
1041072,76,74,1558,486.03,641.23,1,0,161
1263767,77,74,1558,641.23,639.23,0,0,13
1471631,78,74,1558,641.23,639.23,0,0,69
1295823,79,74,1558,462.69,640.23,1,1,122
1145958,80,74,1558,640.23,639.23,0,0,55
1206089,81,74,1558,639.23,640.23,0,0,26
1203767,82,74,1558,640.23,639.23,0,0,28
1063717,83,74,1558,641.23,641.23,0,0,27
1324480,84,74,1558,503.49,639.23,1,1,122
1177160,85,74,1558,498.64,640.23,1,1,163
1378159,86,74,1558,486.03,640.23,0,1,150
1497933,87,74,1558,496.67,639.23,0,0,176
1307250,88,74,1558,486.03,640.23,0,0,81
1257228,89,74,1558,462.69,641.23,1,0,270
1400657,90,74,1558,484.03,641.23,0,0,176
1254055,91,74,1558,508.34,640.23,0,0,95
1174297,92,74,1558,447.2,640.23,1,0,270
1347674,93,74,1558,457.84,641.23,1,1,352
1496372,94,74,1558,641.23,639.23,0,0,53
1289434,95,74,1558,639.23,641.23,0,0,55
1312267,96,74,1558,640.23,641.23,0,0,69
1061809,97,74,1558,641.23,639.23,0,0,81
1262845,98,74,1558,578.18,641.23,1,0,68
1056255,99,74,1558,535.5,639.23,1,0,108
1365289,100,74,1558,641.23,639.23,0,0,55
1277803,101,74,1558,639.23,641.23,0,0,69
1154237,102,74,1558,641.23,639.23,0,0,26
1250788,103,74,1558,640.23,639.23,0,0,13
1188284,104,74,1558,640.23,641.23,0,0,14
1229601,105,74,1558,640.23,639.23,0,0,109
1313882,106,74,1558,641.23,641.23,0,0,14
1413225,107,74,1558,640.23,639.23,0,0,67
1231681,108,74,1558,495.73,639.23,0,1,216
1097130,109,74,1558,518.95,639.23,1,1,122
1124069,110,74,1558,640.23,640.23,0,0,26
1355272,111,74,1558,639.23,640.23,0,0,40
1127047,112,74,1558,640.23,639.23,0,0,14
1116431,113,74,1558,463.69,639.23,1,1,148
1004542,114,74,1558,462.69,641.23,1,1,203
1373194,115,74,1558,475.3,641.23,1,1,189
1119197,116,74,1558,473.39,639.23,1,1,242
1202202,117,74,1558,519.98,641.23,1,0,162
1019172,118,74,1558,640.23,641.23,0,0,27
1466467,119,74,1558,639.23,639.23,0,0,40
1485919,120,74,1558,649.93,650.93,0,0,27
1208444,121,74,1558,487,648.93,1,1,203
1346581,122,74,1558,624.71,625.71,0,0,67
1071890,123,74,1558,513.19,625.71,0,0,107
1386307,124,74,1558,512.19,625.71,0,0,40
1284970,126,74,1558,513.19,623.71,1,0,94
1478399,127,74,1558,511.19,624.71,1,1,231
1110080,128,74,1558,511.19,624.71,0,0,123
1396996,129,74,1558,513.19,623.71,0,0,108
1362582,130,74,1558,488.94,625.71,1,1,149
1179123,131,74,1558,487.97,624.71,1,1,203
1204424,132,74,1558,533.53,624.71,0,0,81
1318514,133,74,1558,532.53,624.71,0,0,123
1110561,134,74,1558,533.53,533.53,0,0,28
1381244,135,74,1558,533.53,534.53,1,0,162
1188456,136,74,1558,534.53,534.53,1,1,216
1103956,137,74,1558,533.53,534.53,0,0,55
1224036,138,74,1558,534.53,532.53,0,0,42
1334408,139,74,1558,534.53,532.53,0,0,40
1419358,140,74,1558,532.53,534.53,0,0,188
1056867,141,74,1558,512.16,533.53,1,1,513
1243173,142,74,1558,520.95,534.53,1,1,283
1369937,143,74,1558,516.07,516.07,0,0,135
1305358,144,74,1558,512.19,511.19,0,0,161
1197117,145,74,1558,513.19,512.19,0,0,136
1409882,1,74,2581,583.03,612.1,1,0,135
1357314,2,74,2581,583.03,613.1,1,0,95
1416509,3,74,2581,613.1,613.1,0,0,161
1067818,4,74,2581,610.13,611.13,0,0,67
1048861,5,74,2581,617.89,617.89,0,0,122
1308213,6,74,2581,621.83,619.83,0,0,67
1117438,7,74,2581,621.83,620.83,0,0,136
1247269,8,74,2581,620.83,620.83,0,0,69
1416931,9,74,2581,587.82,589.82,0,0,81
1402071,10,74,2581,581.03,582.03,0,0,55
1146833,11,74,2581,583.03,583.03,0,0,188
1327395,12,74,2581,550.02,582.03,1,0,270
1092458,13,74,2581,532.53,581.03,1,1,324
1446035,14,74,2581,639.23,640.23,0,0,324
1142761,15,74,2581,640.23,641.23,0,0,150
1217298,16,74,2581,639.23,640.23,0,0,149
1422988,17,74,2581,640.23,639.23,0,0,149
1117412,18,74,2581,641.23,641.23,0,0,108
1453295,19,74,2581,639.23,640.23,0,0,81
1418219,20,74,2581,492.79,641.23,1,0,269
1464110,21,74,2581,498.58,640.23,1,0,150
1139537,22,74,2581,641.23,641.23,0,0,123
1368777,23,74,2581,640.23,640.23,0,0,150
1173813,24,74,2581,640.23,639.23,0,0,149
1371771,25,74,2581,640.23,639.23,0,0,107
1142976,26,74,2581,486.03,639.23,1,0,256
1007944,27,74,2581,485.03,640.23,1,1,163
1225177,28,74,2581,641.23,640.23,0,0,96
1250225,29,74,2581,640.23,639.23,0,0,42
1071110,30,74,2581,639.23,639.23,0,0,67
1446416,31,74,2581,632.44,633.44,0,0,204
1256078,32,74,2581,640.23,641.23,0,0,80
1302620,33,74,2581,641.23,639.23,0,0,163
1123517,34,74,2581,641.23,640.23,0,0,122
1465523,35,74,2581,641.23,639.23,0,0,82
1032427,36,74,2581,641.23,640.23,0,0,243
1258569,37,74,2581,440.44,640.23,1,0,582
1010996,38,74,2581,445.23,639.23,1,1,459
1137398,39,74,2581,435.59,640.23,0,1,377
1279973,40,74,2581,446.23,640.23,0,1,472
1316818,41,74,2581,615.95,617.95,0,0,244
1172565,42,74,2581,640.23,639.23,0,0,123
1139825,43,74,2581,641.23,641.23,0,0,121
1322016,44,74,2581,640.23,640.23,0,0,176
1248613,45,74,2581,548.05,641.23,1,0,190
1279541,46,74,2581,551.99,639.23,1,0,162
1282634,47,74,2581,546.11,640.23,1,0,217
1125821,48,74,2581,641.23,641.23,0,0,176
1491651,49,74,2581,639.23,641.23,0,0,108
1252279,50,74,2581,641.23,640.23,0,0,149
1168376,51,74,2581,639.23,641.23,0,0,40
1043073,52,74,2581,641.23,641.23,0,0,69
1315042,53,74,2581,641.23,640.23,0,0,82
1032263,54,74,2581,640.23,639.23,0,0,134
1134861,55,74,2581,504.43,639.23,1,0,217
1176375,56,74,2581,641.23,640.23,0,0,123
1075362,57,74,2581,640.23,639.23,0,0,162
1346140,58,74,2581,641.23,640.23,0,0,122
1046713,59,74,2581,641.23,641.23,0,0,81
1387364,60,74,2581,639.23,640.23,0,0,134
1005345,61,74,2581,433.59,641.23,1,0,540
1037949,62,74,2581,442.32,639.23,0,1,189
1221925,63,74,2581,433.59,639.23,1,0,593
1289250,64,74,2581,438.44,639.23,1,1,553
1180150,65,74,2581,627.59,627.59,0,0,242
1456276,66,74,2581,639.23,640.23,0,0,231
1300423,67,74,2581,640.23,639.23,0,0,229
1418002,68,74,2581,641.23,641.23,0,0,55
1095831,69,74,2581,640.23,641.23,0,0,108
1423408,70,74,2581,640.23,640.23,0,0,150
1036621,71,74,2581,641.23,639.23,0,0,121
1274501,72,74,2581,640.23,639.23,0,0,54
1317158,73,74,2581,640.23,639.23,0,0,96
1228459,74,74,2581,639.23,640.23,0,0,135
1132412,75,74,2581,501.52,640.23,1,1,256
1301303,76,74,2581,510.28,639.23,1,1,177
1365225,77,74,2581,613.04,613.04,0,0,82
1395675,78,74,2581,639.23,639.23,0,0,69
1371005,79,74,2581,462.69,640.23,1,1,285
1002269,80,74,2581,641.23,641.23,0,0,26
1217660,81,74,2581,641.23,641.23,0,0,69
1349137,82,74,2581,641.23,639.23,0,0,54
1192823,83,74,2581,641.23,640.23,0,0,67
1155612,84,74,2581,495.7,639.23,1,1,204
1290051,85,74,2581,501.55,641.23,1,1,269
1028846,86,74,2581,485.03,640.23,0,1,163
1225442,87,74,2581,495.67,641.23,0,0,177
1449347,88,74,2581,492.79,640.23,0,0,257
1364466,89,74,2581,479.24,639.23,1,0,190
1087408,90,74,2581,485.03,640.23,0,0,134
1482504,91,74,2581,484.03,641.23,0,0,68
1026488,92,74,2581,435.53,639.23,1,0,337
1126585,93,74,2581,460.75,641.23,1,1,298
1046088,94,74,2581,641.23,639.23,0,0,135
1100923,95,74,2581,641.23,641.23,0,0,69
1257248,96,74,2581,641.23,639.23,0,0,136
1169632,97,74,2581,639.23,641.23,0,0,96
1490009,98,74,2581,533.5,639.23,1,0,40
1230678,100,74,2581,639.23,640.23,0,0,149
1008254,101,74,2581,641.23,640.23,0,0,95
1398386,102,74,2581,641.23,639.23,0,0,122
1172754,103,74,2581,641.23,641.23,0,0,13
1071997,104,74,2581,640.23,641.23,0,0,107
1479608,105,74,2581,639.23,639.23,0,0,67
1004262,106,74,2581,641.23,639.23,0,0,55
1330291,108,74,2581,503.43,640.23,0,1,216
1063862,109,74,2581,496.64,639.23,1,1,487
1120385,110,74,2581,641.23,640.23,0,0,96
1410370,111,74,2581,639.23,640.23,0,0,108
1360219,112,74,2581,640.23,639.23,0,0,80
1468320,113,74,2581,471.42,639.23,1,1,271
1325080,114,74,2581,464.69,640.23,1,1,229
1367551,115,74,2581,473.39,639.23,1,1,257
1428705,116,74,2581,474.36,640.23,1,1,215
1165936,117,74,2581,485.97,641.23,1,0,203
1239017,118,74,2581,641.23,641.23,0,0,54
1272902,119,74,2581,641.23,641.23,0,0,96
1049487,120,74,2581,658.63,658.63,0,0,53
1430783,121,74,2581,498.58,659.63,1,1,351
1324876,122,74,2581,659.63,660.63,0,0,94
1221222,123,74,2581,532.53,660.63,0,0,94
1092631,124,74,2581,512.19,659.63,0,0,67
1363522,125,74,2581,511.19,659.63,0,0,53
1438454,126,74,2581,513.19,659.63,1,0,188
1384789,127,74,2581,513.19,659.63,1,1,109
1135450,128,74,2581,511.19,659.63,0,0,204
1413775,129,74,2581,512.19,658.63,0,0,26
1298388,130,74,2581,487,660.63,1,1,285
1194704,131,74,2581,484.03,658.63,1,1,176
1144674,132,74,2581,526.71,658.63,0,0,122
1430797,133,74,2581,533.53,534.53,0,0,95
1143036,134,74,2581,533.53,533.53,0,0,123
1316963,135,74,2581,532.53,532.53,1,0,81
1021999,136,74,2581,534.53,534.53,1,1,204
1033502,137,74,2581,533.53,532.53,0,0,95
1123922,138,74,2581,532.53,533.53,0,0,69
1277364,139,74,2581,532.53,532.53,0,0,54
1399562,140,74,2581,533.53,532.53,0,0,123
1258689,141,74,2581,517.04,534.53,1,1,391
1091686,142,74,2581,523.86,534.53,1,1,244
1060750,143,74,2581,522.86,521.86,0,0,28
1056618,144,74,2581,513.19,513.19,0,0,95
1010507,145,74,2581,512.19,512.19,0,0,108
1325813,1,74,1962,589.82,612.13,1,0,81
1333835,2,74,1962,589.76,610.13,1,0,231
1358941,3,74,1962,615.04,613.04,0,0,136
1165500,4,74,1962,612.13,610.13,0,0,107
1443360,5,74,1962,617.92,616.92,0,0,121
1109000,6,74,1962,619.83,620.83,0,0,148
1224300,7,74,1962,620.83,620.83,0,0,243
1400273,8,74,1962,613.04,615.04,0,0,123
1008374,9,74,1962,591.73,591.73,0,0,107
1386445,10,74,1962,583.03,582.03,0,0,148
1233844,11,74,1962,583.94,583.94,0,0,161
1116343,12,74,1962,557.75,583.94,1,0,339
1268400,13,74,1962,540.35,585.94,1,1,231
1040592,14,74,1962,630.53,630.53,0,0,150
1499925,15,74,1962,639.23,639.23,0,0,204
1278387,16,74,1962,639.23,640.23,0,0,204
1147413,17,74,1962,640.23,641.23,0,0,177
1357724,18,74,1962,641.23,640.23,0,0,95
1184664,19,74,1962,640.23,641.23,0,0,123
1352754,20,74,1962,486.03,639.23,1,0,217
1402867,21,74,1962,501.55,641.23,1,0,135
1069757,22,74,1962,639.23,639.23,0,0,136
1471932,23,74,1962,639.23,639.23,0,0,94
1439756,24,74,1962,640.23,640.23,0,0,163
1430567,25,74,1962,639.23,641.23,0,0,68
1475439,26,74,1962,510.28,639.23,1,0,256
1294849,27,74,1962,511.25,641.23,1,1,337
1336541,28,74,1962,641.23,639.23,0,1,135
1201863,29,74,1962,639.23,641.23,0,0,135
1336494,30,74,1962,639.23,639.23,0,0,82
1111334,31,74,1962,640.23,639.23,0,0,121
1413280,32,74,1962,640.23,639.23,0,0,121
1255228,33,74,1962,641.23,639.23,0,0,216
1150683,34,74,1962,639.23,639.23,0,0,257
1244509,35,74,1962,641.23,639.23,0,0,149
1006918,36,74,1962,640.23,641.23,0,0,150
1307191,37,74,1962,451.08,641.23,1,0,501
1154344,38,74,1962,457.87,639.23,1,1,607
1401213,39,74,1962,442.35,641.23,0,0,364
1018314,40,74,1962,451.05,639.23,0,1,472
1166718,41,74,1962,620.8,622.8,0,0,148
1399781,42,74,1962,639.23,639.23,0,0,190
1194131,43,74,1962,640.23,640.23,0,0,244
1255998,44,74,1962,641.23,641.23,0,0,177
1247810,45,74,1962,550.96,639.23,1,0,310
1487274,46,74,1962,533.53,641.23,1,0,229
1189732,47,74,1962,561.69,641.23,1,0,216
1210554,48,74,1962,633.44,632.44,0,0,217
1374443,49,74,1962,641.23,641.23,0,0,216
1026885,50,74,1962,640.23,640.23,0,0,94
1288271,51,74,1962,640.23,641.23,0,0,27
1031316,52,74,1962,641.23,641.23,0,0,121
1210565,53,74,1962,640.23,641.23,0,0,136
1451923,54,74,1962,641.23,641.23,0,0,135
1225339,55,74,1962,520.95,641.23,1,0,243
1208808,56,74,1962,641.23,640.23,0,0,216
1403207,57,74,1962,640.23,641.23,0,0,121
1486048,58,74,1962,639.23,640.23,0,0,189
1419994,59,74,1962,641.23,640.23,0,0,148
1409803,60,74,1962,641.23,639.23,0,0,134
1324549,61,74,1962,441.35,640.23,1,0,350
1212103,62,74,1962,463.66,639.23,0,1,216
1348925,63,74,1962,460.78,641.23,1,1,636
1010521,64,74,1962,440.38,640.23,1,1,393
1212623,65,74,1962,627.62,626.62,0,0,215
1206664,66,74,1962,639.23,641.23,0,0,339
1214780,67,74,1962,641.23,639.23,0,0,190
1187176,68,74,1962,641.23,640.23,0,0,176
1247477,69,74,1962,639.23,639.23,0,0,123
1241676,70,74,1962,640.23,640.23,0,0,148
1127522,71,74,1962,640.23,639.23,0,0,108
1176819,72,74,1962,640.23,639.23,0,0,107
1045398,73,74,1962,641.23,639.23,0,0,95
1148868,74,74,1962,641.23,639.23,0,0,94
1320981,75,74,1962,484.03,641.23,1,1,202
1056150,76,74,1962,498.64,639.23,1,1,161
1218512,77,74,1962,640.23,641.23,0,0,81
1461301,78,74,1962,640.23,640.23,0,0,109
1095086,79,74,1962,475.36,640.23,1,1,217
1341069,80,74,1962,641.23,639.23,0,0,68
1155572,81,74,1962,641.23,641.23,0,0,28
1017735,82,74,1962,640.23,639.23,0,0,68
1407831,83,74,1962,641.23,639.23,0,0,109
1345897,84,74,1962,486.03,641.23,1,1,229
1350968,85,74,1962,492.76,640.23,1,1,244
1389427,86,74,1962,510.22,640.23,0,1,244
1036726,87,74,1962,496.7,641.23,0,0,203
1299611,88,74,1962,492.79,641.23,0,0,256
1057800,89,74,1962,462.69,641.23,1,0,256
1438312,90,74,1962,484.03,640.23,0,0,161
1310830,91,74,1962,513.16,641.23,0,0,148
1354834,92,74,1962,436.53,639.23,1,0,150
1454652,93,74,1962,444.26,639.23,1,1,311
1121639,94,74,1962,640.23,640.23,0,0,108
1102378,95,74,1962,641.23,641.23,0,0,67
1374573,96,74,1962,641.23,641.23,0,0,95
1292918,97,74,1962,641.23,640.23,0,0,149
1440619,98,74,1962,544.17,641.23,1,0,135
1202968,99,74,1962,533.5,640.23,1,0,175
1008179,100,74,1962,641.23,640.23,0,0,95
1327674,101,74,1962,640.23,641.23,0,0,81
1278206,102,74,1962,640.23,639.23,0,0,163
1059270,103,74,1962,641.23,641.23,0,0,14
1488288,104,74,1962,640.23,639.23,0,0,95
1346468,105,74,1962,640.23,639.23,0,0,94
1281612,106,74,1962,640.23,641.23,0,0,285
1452591,107,74,1962,639.23,640.23,0,0,53
1094167,108,74,1962,526.71,640.23,0,1,149
1216310,109,74,1962,491.82,641.23,1,1,312
1368510,110,74,1962,640.23,639.23,0,0,94
1106431,111,74,1962,641.23,641.23,0,0,122
1115135,112,74,1962,639.23,639.23,0,0,96
1192230,113,74,1962,477.27,641.23,1,1,175
1214253,114,74,1962,475.36,641.23,1,1,231
1453337,115,74,1962,484.06,639.23,1,1,230
1253873,116,74,1962,464.69,640.23,1,1,202
1108007,117,74,1962,482.15,640.23,1,0,150
1343861,118,74,1962,641.23,641.23,0,0,107
1140906,119,74,1962,640.23,639.23,0,0,123
1110150,120,74,1962,658.69,657.69,0,0,123
1448782,121,74,1962,506.4,658.69,1,1,364
1488363,122,74,1962,645.11,644.11,0,0,163
1467024,123,74,1962,552.9,644.11,0,0,81
1141859,124,74,1962,513.19,645.11,0,0,41
1204509,125,74,1962,513.19,645.11,0,0,67
1309369,126,74,1962,513.19,643.11,1,0,231
1082259,127,74,1962,512.19,644.11,1,1,177
1234549,128,74,1962,511.19,644.11,0,0,162
1044167,129,74,1962,512.19,645.11,0,0,107
1404462,130,74,1962,485.03,645.11,1,1,94
1246757,131,74,1962,491.79,644.11,1,1,229
1116302,132,74,1962,532.59,643.11,0,0,150
1396112,133,74,1962,533.53,534.53,0,0,67
1449290,134,74,1962,533.53,534.53,0,0,122
1428495,135,74,1962,533.53,532.53,1,0,136
1338070,136,74,1962,533.53,533.53,1,1,149
1480223,137,74,1962,532.53,534.53,0,0,230
1016234,138,74,1962,533.53,532.53,0,0,41
1349349,139,74,1962,534.53,534.53,0,0,216
1198289,140,74,1962,534.53,533.53,0,0,204
1463463,141,74,1962,522.89,532.53,1,1,499
1077900,142,74,1962,519.95,533.53,1,1,378
1027946,143,74,1962,516.07,516.07,0,0,149
1402146,144,74,1962,511.19,511.19,0,0,243
1055459,145,74,1962,511.19,513.19,0,0,203
