files/74.csv
id,week,center_id,meal_id,checkout_price,base_price,emailer_for_promotion,homepage_featured,num_orders
1452661,2,74,1902,486.03,484.03,0,0,42
1050468,3,74,1902,484.03,486.03,0,0,15
1080494,4,74,1902,485.03,485.03,0,0,41
1095258,5,74,1902,486.03,485.03,0,0,14
1315693,6,74,1902,485.03,485.03,0,0,40
1152910,7,74,1902,484.03,484.03,0,0,27
1031114,9,74,1902,485.03,484.03,0,0,14
1220454,11,74,1902,486.03,484.03,0,0,13
1499409,14,74,1902,486.03,485.03,0,0,13
1081751,15,74,1902,455.93,456.93,0,0,53
1156217,18,74,1902,484.03,485.03,0,0,26
1227099,19,74,1902,484.03,485.03,0,0,14
1423237,20,74,1902,486.03,486.03,0,0,28
1438678,22,74,1902,485.03,485.03,0,0,14
1001328,26,74,1902,485.03,484.03,0,0,15
1472029,34,74,1902,484.03,484.03,0,0,15
1239738,39,74,1902,485.03,485.03,0,0,14
1422799,45,74,1902,484.03,484.03,0,0,13
1374411,47,74,1902,484.03,485.03,0,0,14
1290476,49,74,1902,485.03,485.03,0,0,14
1164885,51,74,1902,485.03,485.03,0,0,26
1467461,54,74,1902,389.03,486.03,0,0,26
1338918,55,74,1902,388.03,486.03,0,0,27
1084527,58,74,1902,486.03,484.03,0,0,15
1213643,60,74,1902,445.23,445.23,0,0,54
1159694,62,74,1902,446.23,446.23,0,0,14
1384314,63,74,1902,447.23,445.23,0,0,13
1457258,65,74,1902,445.23,445.23,0,0,26
1346865,66,74,1902,447.23,446.23,0,0,28
1246331,70,74,1902,416.13,417.13,0,0,15
1327116,72,74,1902,447.23,447.23,0,0,14
1228515,78,74,1902,447.23,447.23,0,0,15
1035800,81,74,1902,447.23,446.23,0,0,28
1397156,85,74,1902,447.23,445.23,0,0,53
1330224,86,74,1902,446.23,445.23,0,0,27
1009279,88,74,1902,445.23,446.23,0,0,14
1281389,90,74,1902,447.23,445.23,0,0,14
1305762,92,74,1902,447.23,445.23,0,0,13
1120477,97,74,1902,446.23,447.23,0,0,14
1395430,107,74,1902,389.03,446.23,0,0,13
1188618,108,74,1902,389.03,445.23,0,0,15
1007271,110,74,1902,445.23,445.23,0,0,15
1154835,113,74,1902,445.23,447.23,0,0,14
1464078,116,74,1902,445.23,447.23,0,0,28
1206794,117,74,1902,445.23,447.23,0,0,15
1074905,118,74,1902,447.23,445.23,0,0,28
1355471,124,74,1902,445.23,446.23,0,0,13
1319275,128,74,1902,446.23,446.23,0,0,15
1321347,129,74,1902,446.23,447.23,0,0,13
1300188,130,74,1902,446.23,446.23,0,0,14
1410045,134,74,1902,447.23,447.23,0,0,15
1405645,136,74,1902,387.03,445.23,0,0,14
1123810,137,74,1902,389.03,446.23,0,0,15
1292275,138,74,1902,388.03,445.23,0,0,41
1423943,139,74,1902,388.03,445.23,0,0,28
1288649,7,74,1247,486.03,485.03,0,0,13
1029073,12,74,1247,486.03,485.03,0,0,13
1054761,14,74,1247,484.03,485.03,0,0,13
1295056,17,74,1247,456.93,456.93,0,0,13
1437455,24,74,1247,486.03,485.03,0,0,13
1326076,25,74,1247,484.03,485.03,0,0,15
1122513,36,74,1247,484.03,484.03,0,0,14
1275146,40,74,1247,484.03,485.03,0,0,13
1311591,43,74,1247,484.03,485.03,0,0,28
1498078,44,74,1247,484.03,485.03,0,0,14
1217980,50,74,1247,485.03,486.03,0,0,14
1456743,52,74,1247,485.03,484.03,0,0,13
1313075,53,74,1247,389.03,484.03,0,0,13
1091966,56,74,1247,389.03,486.03,0,0,28
1189886,57,74,1247,485.03,485.03,0,0,13
1487055,68,74,1247,418.13,486.03,0,0,14
1301864,83,74,1247,447.23,445.23,0,0,14
1120223,87,74,1247,447.23,445.23,0,0,15
1391353,89,74,1247,445.23,446.23,0,0,26
1157691,93,74,1247,447.23,447.23,0,0,14
1369925,96,74,1247,447.23,446.23,0,0,14
1158103,107,74,1247,387.03,445.23,0,0,13
1308703,112,74,1247,447.23,447.23,0,0,14
1421760,114,74,1247,447.23,447.23,0,0,15
1042411,115,74,1247,447.23,446.23,0,0,13
1076385,117,74,1247,446.23,446.23,0,0,13
1046033,119,74,1247,388.03,446.23,0,0,15
1135698,129,74,1247,445.23,447.23,0,0,28
1292429,135,74,1247,447.23,445.23,0,0,14
1073874,138,74,1247,387.03,446.23,0,0,26
1438355,143,74,1247,447.23,446.23,0,0,13
1225243,145,74,1247,445.23,446.23,0,0,14
1192870,15,74,2664,328.89,328.89,0,0,270
1362572,16,74,2664,326.89,327.89,0,0,310
1213607,17,74,2664,327.89,326.89,0,0,271
1182960,18,74,2664,328.89,328.89,0,0,244
1339991,19,74,2664,327.89,328.89,0,0,285
1135559,20,74,2664,327.89,327.89,0,0,229
1172905,21,74,2664,326.89,328.89,0,0,298
1353289,22,74,2664,328.89,326.89,0,0,243
1094408,23,74,2664,328.89,328.89,0,0,258
1216129,24,74,2664,328.89,326.89,0,0,122
1390359,25,74,2664,327.89,327.89,0,0,243
1163069,26,74,2664,327.89,326.89,0,0,285
1475565,27,74,2664,248.32,326.89,0,0,582
1360445,28,74,2664,322.07,321.07,0,0,204
1365679,29,74,2664,327.89,327.89,0,0,204
1108094,30,74,2664,328.89,328.89,0,0,216
1487041,31,74,2664,326.89,326.89,0,0,202
1018959,32,74,2664,328.89,327.89,0,0,150
1399981,33,74,2664,328.89,327.89,0,0,404
1263045,34,74,2664,328.89,328.89,0,0,485
1471438,35,74,2664,328.89,326.89,0,0,311
1342412,36,74,2664,328.89,328.89,0,0,338
1182251,37,74,2664,243.47,328.89,1,1,852
1184937,38,74,2664,328.89,328.89,0,0,257
1328478,39,74,2664,327.89,328.89,0,0,432
1165192,40,74,2664,328.89,326.89,0,0,378
1271746,41,74,2664,328.89,327.89,0,0,392
1258166,42,74,2664,324.01,323.01,0,0,323
1287465,43,74,2664,327.89,326.89,0,0,379
1391601,44,74,2664,326.89,326.89,0,0,393
1230147,45,74,2664,328.89,326.89,0,0,350
1343588,46,74,2664,328.89,327.89,0,0,202
1447558,47,74,2664,326.89,328.89,0,0,379
1416281,48,74,2664,327.89,326.89,0,0,351
1196251,49,74,2664,326.89,328.89,0,0,258
1074415,50,74,2664,328.89,327.89,0,0,135
1016954,51,74,2664,326.89,327.89,0,0,96
1112850,52,74,2664,326.89,326.89,0,0,163
1236819,53,74,2664,327.89,328.89,0,0,217
1018239,54,74,2664,327.89,327.89,0,0,472
1490359,55,74,2664,328.89,326.89,0,0,366
1326849,56,74,2664,266.81,326.89,1,1,1013
1217790,57,74,2664,264.84,327.89,1,1,824
1317992,58,74,2664,323.01,323.01,0,0,418
1408088,59,74,2664,328.89,326.89,0,0,392
1280824,60,74,2664,327.89,328.89,0,0,446
1309840,61,74,2664,326.89,326.89,0,0,391
1157750,62,74,2664,326.89,328.89,0,0,107
1333828,63,74,2664,326.89,327.89,0,0,420
1317989,64,74,2664,327.89,327.89,0,0,366
1384452,65,74,2664,312.37,313.37,0,0,338
1329983,66,74,2664,326.89,326.89,0,0,431
1004252,67,74,2664,327.89,328.89,0,0,418
1051058,68,74,2664,328.89,328.89,0,0,271
1026484,69,74,2664,327.89,328.89,0,0,324
1152137,70,74,2664,327.89,328.89,0,0,175
1417817,71,74,2664,326.89,326.89,0,0,150
1304859,72,74,2664,328.89,327.89,0,0,175
1305063,73,74,2664,328.89,327.89,0,0,296
1248548,74,74,2664,328.89,327.89,0,0,297
1371395,75,74,2664,328.89,328.89,0,0,296
1398100,76,74,2664,327.89,328.89,0,0,189
1260922,77,74,2664,327.89,327.89,0,0,176
1451672,78,74,2664,312.37,312.37,0,0,161
1069642,79,74,2664,309.43,309.43,0,0,203
1357236,80,74,2664,311.43,309.43,0,0,203
1137509,81,74,2664,309.43,310.43,0,0,216
1103256,82,74,2664,249.32,309.43,1,1,501
1248437,83,74,2664,279.39,310.43,0,0,134
1446764,84,74,2664,311.43,310.43,0,0,312
1410757,85,74,2664,310.43,309.43,0,0,366
1250023,86,74,2664,310.43,310.43,0,0,553
1334378,87,74,2664,310.43,311.43,0,0,297
1116911,88,74,2664,309.43,311.43,0,0,270
1173150,89,74,2664,317.19,319.19,0,0,324
1274040,90,74,2664,310.43,310.43,0,0,283
1198298,91,74,2664,260.93,309.43,0,0,217
1011994,92,74,2664,254.14,309.43,0,0,243
1264305,93,74,2664,254.14,310.43,0,0,393
1487966,94,74,2664,256.14,309.43,0,0,202
1383257,95,74,2664,256.14,310.43,0,0,284
1268668,96,74,2664,255.14,310.43,0,0,378
1405275,97,74,2664,241.59,239.59,0,0,136
1449935,98,74,2664,256.14,254.14,0,0,68
1075693,99,74,2664,256.14,256.14,0,0,258
1372130,100,74,2664,255.14,254.14,0,0,296
1012437,101,74,2664,255.14,254.14,0,0,203
1185930,102,74,2664,256.14,255.14,0,0,81
1243535,103,74,2664,256.14,256.14,0,0,148
1377590,104,74,2664,255.14,255.14,0,0,68
1259594,105,74,2664,242.53,241.53,0,0,271
1055898,106,74,2664,256.14,256.14,0,0,325
1118241,107,74,2664,254.14,254.14,0,0,188
1425120,108,74,2664,255.14,256.14,0,0,473
1254643,109,74,2664,255.14,256.14,0,0,285
1302014,110,74,2664,255.14,255.14,0,0,256
1199603,111,74,2664,256.14,256.14,0,0,271
1272859,112,74,2664,254.14,254.14,0,0,285
1127529,113,74,2664,254.14,254.14,0,0,216
1443988,114,74,2664,256.14,254.14,0,0,202
1432805,115,74,2664,244.5,256.14,1,1,514
1454333,116,74,2664,242.5,254.14,0,1,351
1472611,117,74,2664,214.4,254.14,0,1,366
1302422,118,74,2664,205.7,255.14,0,1,242
1165978,119,74,2664,236.68,238.68,0,0,231
1291057,120,74,2664,255.14,256.14,0,0,285
1291618,121,74,2664,254.14,254.14,0,0,296
1245889,122,74,2664,255.14,254.14,0,0,269
1109405,123,74,2664,232.86,230.86,0,0,161
1122242,124,74,2664,255.14,256.14,0,0,95
1224315,125,74,2664,254.14,256.14,0,0,188
1404248,126,74,2664,281.3,281.3,0,0,323
1249427,127,74,2664,292.03,290.03,0,0,163
1401240,128,74,2664,292.03,292.03,0,0,189
1103091,129,74,2664,261.93,291.03,0,0,134
1238641,130,74,2664,291.03,290.03,0,0,189
1486801,131,74,2664,290.03,291.03,0,0,80
1392792,132,74,2664,290.03,290.03,0,0,176
1324293,133,74,2664,292.03,290.03,0,0,109
1447512,134,74,2664,292.03,290.03,0,0,108
1101128,135,74,2664,291.03,290.03,0,0,123
1366531,136,74,2664,290.03,291.03,0,0,108
1017127,137,74,2664,292.03,291.03,0,0,95
1410128,138,74,2664,292.03,291.03,0,0,121
1347787,139,74,2664,292.03,290.03,0,0,175
1274420,140,74,2664,284.24,284.24,0,0,108
1200357,141,74,2664,284.24,283.24,0,0,94
1013347,142,74,2664,284.24,285.24,0,0,269
1306907,143,74,2664,284.24,285.24,0,0,269
1489578,144,74,2664,245.41,284.24,1,0,204
1071501,145,74,2664,250.32,284.24,0,0,176
1178468,18,74,2569,327.89,328.89,0,0,67
1149870,19,74,2569,328.89,326.89,0,0,150
1157426,20,74,2569,327.89,326.89,0,0,176
1008201,21,74,2569,327.89,327.89,0,0,121
1274311,22,74,2569,327.89,327.89,0,0,94
1187481,23,74,2569,328.89,328.89,0,0,216
1403798,24,74,2569,328.89,326.89,0,0,122
1367673,25,74,2569,327.89,328.89,0,0,122
1399423,26,74,2569,327.89,326.89,0,0,123
1007362,27,74,2569,242.5,328.89,0,0,258
1447680,28,74,2569,328.89,326.89,0,0,204
1438270,29,74,2569,328.89,328.89,0,0,188
1018002,30,74,2569,327.89,327.89,0,0,176
1120489,31,74,2569,328.89,326.89,0,0,108
1049572,32,74,2569,327.89,328.89,0,0,161
1464361,33,74,2569,328.89,326.89,0,0,150
1383326,34,74,2569,328.89,328.89,0,0,310
1466212,35,74,2569,326.89,327.89,0,0,243
1260881,36,74,2569,328.89,326.89,0,0,190
1178251,37,74,2569,250.32,327.89,1,1,797
1440319,38,74,2569,326.89,328.89,0,0,203
1009731,39,74,2569,328.89,326.89,0,0,230
1394698,40,74,2569,327.89,327.89,0,0,284
1093185,41,74,2569,326.89,328.89,0,0,256
1265485,42,74,2569,327.89,327.89,0,0,244
1041725,43,74,2569,327.89,328.89,0,0,352
1028073,44,74,2569,328.89,328.89,0,0,269
1426034,45,74,2569,328.89,327.89,0,0,215
1278096,46,74,2569,328.89,327.89,0,0,121
1470989,47,74,2569,326.89,328.89,0,0,216
1044059,48,74,2569,326.89,327.89,0,0,271
1373428,49,74,2569,326.89,328.89,0,0,243
1404488,50,74,2569,327.89,326.89,0,0,176
1216201,51,74,2569,327.89,326.89,0,0,107
1102564,52,74,2569,326.89,326.89,0,0,339
1371142,53,74,2569,326.89,326.89,0,0,215
1201676,54,74,2569,327.89,327.89,0,0,243
1223359,55,74,2569,328.89,327.89,0,0,310
1354916,56,74,2569,262.9,326.89,1,1,796
1453000,57,74,2569,267.75,328.89,1,1,960
1463385,58,74,2569,327.89,328.89,0,1,203
1141835,59,74,2569,328.89,327.89,0,0,364
1162977,60,74,2569,327.89,327.89,0,0,242
1313345,61,74,2569,328.89,328.89,0,0,350
1306180,62,74,2569,327.89,326.89,0,0,55
1256869,63,74,2569,327.89,326.89,0,0,229
1361657,64,74,2569,327.89,327.89,0,0,204
1137359,65,74,2569,328.89,326.89,0,0,216
1459279,66,74,2569,327.89,328.89,0,0,310
1135129,67,74,2569,328.89,327.89,0,0,298
1016149,68,74,2569,327.89,326.89,0,0,229
1435141,69,74,2569,328.89,328.89,0,0,244
1128366,70,74,2569,326.89,327.89,0,0,121
1487532,71,74,2569,328.89,327.89,0,0,243
1485579,72,74,2569,326.89,326.89,0,0,162
1188345,73,74,2569,327.89,327.89,0,0,433
1059974,74,74,2569,326.89,328.89,0,0,217
1278542,75,74,2569,327.89,327.89,0,0,68
1159773,76,74,2569,327.89,328.89,0,0,189
1001899,77,74,2569,327.89,328.89,0,0,123
1057174,78,74,2569,314.34,313.34,0,0,215
1028862,79,74,2569,311.43,310.43,0,0,163
1499918,80,74,2569,285.24,285.24,0,0,109
1276986,81,74,2569,309.43,310.43,0,0,176
1464926,82,74,2569,244.47,311.43,1,1,728
1011197,83,74,2569,309.43,311.43,0,0,134
1170096,84,74,2569,309.43,309.43,0,0,175
1171882,85,74,2569,293,293,0,0,231
1271098,86,74,2569,311.43,309.43,0,0,231
1478859,87,74,2569,311.43,310.43,0,0,283
1477651,88,74,2569,311.43,309.43,0,0,81
1288770,89,74,2569,309.43,310.43,0,0,109
1197432,90,74,2569,309.43,309.43,0,0,55
1439001,91,74,2569,246.44,309.43,0,0,269
1132062,92,74,2569,254.14,310.43,0,0,80
1399467,93,74,2569,254.14,311.43,0,0,244
1205090,94,74,2569,255.14,311.43,0,0,324
1174168,95,74,2569,255.14,311.43,0,0,150
1411898,96,74,2569,254.14,309.43,0,0,284
1246818,97,74,2569,256.14,255.14,0,0,204
1083451,98,74,2569,254.14,254.14,0,0,109
1023864,99,74,2569,255.14,255.14,0,0,256
1321475,100,74,2569,255.14,256.14,0,0,256
1444431,101,74,2569,255.14,254.14,0,0,161
1376442,102,74,2569,256.14,255.14,0,0,121
1392057,103,74,2569,254.14,254.14,0,0,68
1250128,104,74,2569,254.14,255.14,0,0,217
1138721,105,74,2569,255.14,255.14,0,0,161
1078028,106,74,2569,254.14,256.14,0,0,203
1384328,107,74,2569,256.14,255.14,0,0,189
1214490,108,74,2569,255.14,256.14,0,0,244
1436284,109,74,2569,254.14,255.14,0,0,270
1399602,110,74,2569,254.14,255.14,0,0,177
1234674,111,74,2569,255.14,255.14,0,0,269
1451723,112,74,2569,256.14,256.14,0,0,229
1395504,113,74,2569,256.14,254.14,0,0,161
1410836,114,74,2569,256.14,256.14,0,0,269
1138765,115,74,2569,244.44,254.14,1,1,377
1345426,116,74,2569,242.53,256.14,0,1,242
1343392,117,74,2569,206.64,255.14,0,1,337
1391908,118,74,2569,196,256.14,0,0,204
1392437,119,74,2569,238.65,238.65,0,0,339
1311210,120,74,2569,254.14,256.14,0,0,244
1485908,121,74,2569,255.14,255.14,0,0,231
1076427,122,74,2569,256.14,255.14,0,0,284
1474429,123,74,2569,255.14,256.14,0,0,69
1499430,124,74,2569,255.14,255.14,0,0,176
1234573,125,74,2569,255.14,256.14,0,0,148
1202506,126,74,2569,281.3,282.3,0,0,229
1498616,127,74,2569,292.03,291.03,0,0,190
1180386,128,74,2569,292.03,290.03,0,0,150
1475552,129,74,2569,292.03,290.03,0,0,162
1407051,130,74,2569,292.03,292.03,0,0,162
1292525,131,74,2569,292.03,290.03,0,0,190
1242242,132,74,2569,292.03,290.03,0,0,121
1092890,133,74,2569,292.03,290.03,0,0,229
1238931,134,74,2569,292.03,292.03,0,0,188
1179589,135,74,2569,271.6,271.6,0,0,203
1353628,136,74,2569,290.03,291.03,0,0,82
1382379,137,74,2569,290.03,291.03,0,0,121
1326132,138,74,2569,291.03,292.03,0,0,123
1427643,139,74,2569,292.03,290.03,0,0,377
1464342,140,74,2569,283.24,283.24,0,0,163
1202871,141,74,2569,285.24,285.24,0,0,80
1112503,142,74,2569,285.24,283.24,0,0,149
1465409,143,74,2569,283.24,284.24,0,0,244
1068812,144,74,2569,243.5,283.24,1,0,150
1360480,145,74,2569,248.32,285.24,0,0,190
